// Jest Snapshot v1, https://goo.gl/fbAQLP

exports[`ProductCard snapshot tests test snapshot 1`] = `
<div
  className="col-md-3 col-sm-3"
>
  <div
    className="thumbnail"
  />
</div>
`;
