// Jest Snapshot v1, https://goo.gl/fbAQLP

exports[`SocialLinks snapshot tests test snapshot 1`] = `
<div
  className="social-media"
>
  <ul
    className="list-inline"
  >
    <li>
      <a
        className="icoFacebook"
        href="https://www.facebook.com/dudi.hamdi"
        target="_blank"
        title="Facebook"
      >
        <i
          className="fa fa-facebook"
        />
      </a>
    </li>
    <li>
      <a
        className="icoTwitter"
        href="https://twitter.com/?lang=en"
        target="_blank"
        title="Twitter"
      >
        <i
          className="fa fa-twitter"
        />
      </a>
    </li>
    <li>
      <a
        className="icoGoogle"
        href="https://plus.google.com/discover?hl=iw"
        target="_blank"
        title="Google +"
      >
        <i
          className="fa fa-google-plus"
        />
      </a>
    </li>
    <li>
      <a
        className="icoLinkedin"
        href="https://www.linkedin.com/"
        target="_blank"
        title="Linkedin"
      >
        <i
          className="fa fa-linkedin"
        />
      </a>
    </li>
  </ul>
</div>
`;
