// Jest Snapshot v1, https://goo.gl/fbAQLP

exports[`Body snapshot tests test snapshot 1`] = `
<div
  className="col-md-12 app-body"
/>
`;
