// Jest Snapshot v1, https://goo.gl/fbAQLP

exports[`Card snapshot tests test snapshot 1`] = `
<div
  className="raised-2 card"
/>
`;
