// Jest Snapshot v1, https://goo.gl/fbAQLP

exports[`SubHeader snapshot tests test snapshot 1`] = `
<div
  className="sub-header"
>
  <h1 />
</div>
`;
