// Jest Snapshot v1, https://goo.gl/fbAQLP

exports[`Heading snapshot tests test snapshot 1`] = `
<hundefined
  className="heading heading-undefined"
/>
`;
